===============================================
   anaconda 26.2: tests/test-suite.log.10138
===============================================

# TOTAL: 9
# PASS:  8
# SKIP:  1
# XFAIL: 0
# FAIL:  0
# XPASS: 0
# ERROR: 0

.. contents:: :depth: 2

SKIP: storage/run_storage_tests.py
==================================

SKIP storage/run_storage_tests.py (exit status: 77)

===============================================
   anaconda 26.2: tests/test-suite.log.11797
===============================================

# TOTAL: 1
# PASS:  1
# SKIP:  0
# XFAIL: 0
# FAIL:  0
# XPASS: 0
# ERROR: 0

.. contents:: :depth: 2

===============================================
   anaconda 26.2: tests/test-suite.log.12300
===============================================

# TOTAL: 1
# PASS:  1
# SKIP:  0
# XFAIL: 0
# FAIL:  0
# XPASS: 0
# ERROR: 0

.. contents:: :depth: 2

